
> vite_react_shadcn_ts@0.0.0 build
> vite build

[36mvite v5.4.19 [32mbuilding for production...[36m[39m
transforming...
node.exe : Browserslist: browsers data 
(caniuse-lite) is 9 months old. Please run:
At line:1 char:1
+ & "C:\Program Files\nodejs/node.exe" 
"C:\Program Files\nodejs/node_mo ...
+ ~~~~~~~~~~~~~~~~~~~~~~~~~~~~~~~~~~~~~~~~~~
~~~~~~~~~~~~~~~~~~~~~~~~~~~
    + CategoryInfo          : NotSpecified: 
    (Browserslist: b...ld. Please run::Str  
  ing) [], RemoteException
    + FullyQualifiedErrorId : NativeCommand 
   Error
 
  npx update-browserslist-db@latest
  Why you should do it regularly: https://gi
thub.com/browserslist/update-db#readme
[32mΓ£ô[39m 2053 modules transformed.
rendering chunks...
computing gzip size...
[2mdist/[22m[32mindex.html                         [39m[1m[2m  1.15 kB[22m[1m[22m[2m Γöé gzip:   0.49 kB[22m
[2mdist/[22m[32massets/verden-logo-DnwQ2_cm.png    [39m[1m[2m122.23 kB[22m[1m[22m
[2mdist/[22m[35massets/Map-Dgihpmma.css            [39m[1m[2m 15.04 kB[22m[1m[22m[2m Γöé gzip:   6.38 kB[22m
[2mdist/[22m[35massets/index-CSzIJcCD.css          [39m[1m[2m 69.86 kB[22m[1m[22m[2m Γöé gzip:  11.81 kB[22m
[2mdist/[22m[36massets/verden-logo-BZ2vdleN.js     [39m[1m[2m  0.06 kB[22m[1m[22m[2m Γöé gzip:   0.08 kB[22m
[2mdist/[22m[36massets/chevron-right--kEuRVrl.js   [39m[1m[2m  0.30 kB[22m[1m[22m[2m Γöé gzip:   0.25 kB[22m
[2mdist/[22m[36massets/arrow-left-6vfDkkOn.js      [39m[1m[2m  0.34 kB[22m[1m[22m[2m Γöé gzip:   0.27 kB[22m
[2mdist/[22m[36massets/user-DgNVS_1V.js            [39m[1m[2m  0.37 kB[22m[1m[22m[2m Γöé gzip:   0.29 kB[22m
[2mdist/[22m[36massets/trending-up-ACru8Yee.js     [39m[1m[2m  0.38 kB[22m[1m[22m[2m Γöé gzip:   0.29 kB[22m
[2mdist/[22m[36massets/lock-qSJXD65T.js            [39m[1m[2m  0.38 kB[22m[1m[22m[2m Γöé gzip:   0.30 kB[22m
[2mdist/[22m[36massets/mail-BnmgKxp0.js            [39m[1m[2m  0.39 kB[22m[1m[22m[2m Γöé gzip:   0.30 kB[22m
[2mdist/[22m[36massets/map-pin-B4fJbeoQ.js         [39m[1m[2m  0.43 kB[22m[1m[22m[2m Γöé gzip:   0.32 kB[22m
[2mdist/[22m[36massets/leaf-BHRlaeac.js            [39m[1m[2m  0.44 kB[22m[1m[22m[2m Γöé gzip:   0.33 kB[22m
[2mdist/[22m[36massets/award-BTA5mfui.js           [39m[1m[2m  0.45 kB[22m[1m[22m[2m Γöé gzip:   0.33 kB[22m
[2mdist/[22m[36massets/share-2-BLF7Dieg.js         [39m[1m[2m  0.52 kB[22m[1m[22m[2m Γöé gzip:   0.34 kB[22m
[2mdist/[22m[36massets/car-DBun2k0_.js             [39m[1m[2m  0.58 kB[22m[1m[22m[2m Γöé gzip:   0.39 kB[22m
[2mdist/[22m[36massets/GlassButton-Bt_y4TBA.js     [39m[1m[2m  0.65 kB[22m[1m[22m[2m Γöé gzip:   0.43 kB[22m
[2mdist/[22m[36massets/palette-BepQacZO.js         [39m[1m[2m  0.78 kB[22m[1m[22m[2m Γöé gzip:   0.45 kB[22m
[2mdist/[22m[36massets/users-Dl-6gSWW.js           [39m[1m[2m  1.02 kB[22m[1m[22m[2m Γöé gzip:   0.49 kB[22m
[2mdist/[22m[36massets/sparkles-Ddvk_DME.js        [39m[1m[2m  1.06 kB[22m[1m[22m[2m Γöé gzip:   0.49 kB[22m
[2mdist/[22m[36massets/BottomNav-C34Mo4W7.js       [39m[1m[2m  1.46 kB[22m[1m[22m[2m Γöé gzip:   0.81 kB[22m
[2mdist/[22m[36massets/Signup-BUhAitQF.js          [39m[1m[2m  2.45 kB[22m[1m[22m[2m Γöé gzip:   1.17 kB[22m
[2mdist/[22m[36massets/ForgotPassword-rwT6DkUm.js  [39m[1m[2m  2.53 kB[22m[1m[22m[2m Γöé gzip:   1.16 kB[22m
[2mdist/[22m[36massets/TripSummary-DRWQIkJr.js     [39m[1m[2m  3.01 kB[22m[1m[22m[2m Γöé gzip:   1.39 kB[22m
[2mdist/[22m[36massets/Customize-CpAp4Vzz.js       [39m[1m[2m  3.26 kB[22m[1m[22m[2m Γöé gzip:   1.21 kB[22m
[2mdist/[22m[36massets/Navigation-0GmEIPoo.js      [39m[1m[2m  3.58 kB[22m[1m[22m[2m Γöé gzip:   1.58 kB[22m
[2mdist/[22m[36massets/Wallet-CcY1yv_j.js          [39m[1m[2m  3.61 kB[22m[1m[22m[2m Γöé gzip:   1.33 kB[22m
[2mdist/[22m[36massets/EcoMoov-D7Io6MPm.js         [39m[1m[2m  4.33 kB[22m[1m[22m[2m Γöé gzip:   1.47 kB[22m
[2mdist/[22m[36massets/VehicleSetup-BPJDrxZl.js    [39m[1m[2m  4.35 kB[22m[1m[22m[2m Γöé gzip:   1.58 kB[22m
[2mdist/[22m[36massets/bus-DpSrjKqe.js             [39m[1m[2m  4.57 kB[22m[1m[22m[2m Γöé gzip:   2.23 kB[22m
[2mdist/[22m[36massets/Login-C-m4W8ou.js           [39m[1m[2m  5.27 kB[22m[1m[22m[2m Γöé gzip:   2.23 kB[22m
[2mdist/[22m[36massets/Credits-BGrZoLui.js         [39m[1m[2m  5.43 kB[22m[1m[22m[2m Γöé gzip:   1.85 kB[22m
[2mdist/[22m[36massets/Profile-DuGfpeTx.js         [39m[1m[2m  8.11 kB[22m[1m[22m[2m Γöé gzip:   3.03 kB[22m
[2mdist/[22m[36massets/Home-DgD2QLWW.js            [39m[1m[2m  9.50 kB[22m[1m[22m[2m Γöé gzip:   3.10 kB[22m
[2mdist/[22m[36massets/EcoMoovGroup-CT_wL111.js    [39m[1m[2m 11.18 kB[22m[1m[22m[2m Γöé gzip:   3.45 kB[22m
[2mdist/[22m[36massets/GlassCard-D1y1f7ry.js       [39m[1m[2m147.59 kB[22m[1m[22m[2m Γöé gzip:  48.56 kB[22m
[2mdist/[22m[36massets/Map-B0olTtjs.js             [39m[1m[2m154.65 kB[22m[1m[22m[2m Γöé gzip:  45.21 kB[22m
[2mdist/[22m[36massets/index-DHjhi9FF.js           [39m[1m[2m351.24 kB[22m[1m[22m[2m Γöé gzip: 103.33 kB[22m
[32mΓ£ô built in 3.88s[39m
